Archive member included to satisfy reference by file (symbol)

/usr/local/gcc-arm-none-eabi/arm-none-eabi/lib/fpu//libm.a(lib_a-sf_cos.o)
                              fft.o (cosf)
/usr/local/gcc-arm-none-eabi/arm-none-eabi/lib/fpu//libm.a(lib_a-sf_sin.o)
                              fft.o (sinf)
/usr/local/gcc-arm-none-eabi/arm-none-eabi/lib/fpu//libm.a(lib_a-ef_rem_pio2.o)
                              /usr/local/gcc-arm-none-eabi/arm-none-eabi/lib/fpu//libm.a(lib_a-sf_cos.o) (__ieee754_rem_pio2f)
/usr/local/gcc-arm-none-eabi/arm-none-eabi/lib/fpu//libm.a(lib_a-kf_cos.o)
                              /usr/local/gcc-arm-none-eabi/arm-none-eabi/lib/fpu//libm.a(lib_a-sf_cos.o) (__kernel_cosf)
/usr/local/gcc-arm-none-eabi/arm-none-eabi/lib/fpu//libm.a(lib_a-kf_rem_pio2.o)
                              /usr/local/gcc-arm-none-eabi/arm-none-eabi/lib/fpu//libm.a(lib_a-ef_rem_pio2.o) (__kernel_rem_pio2f)
/usr/local/gcc-arm-none-eabi/arm-none-eabi/lib/fpu//libm.a(lib_a-kf_sin.o)
                              /usr/local/gcc-arm-none-eabi/arm-none-eabi/lib/fpu//libm.a(lib_a-sf_cos.o) (__kernel_sinf)
/usr/local/gcc-arm-none-eabi/arm-none-eabi/lib/fpu//libm.a(lib_a-sf_fabs.o)
                              /usr/local/gcc-arm-none-eabi/arm-none-eabi/lib/fpu//libm.a(lib_a-ef_rem_pio2.o) (fabsf)
/usr/local/gcc-arm-none-eabi/arm-none-eabi/lib/fpu//libm.a(lib_a-sf_floor.o)
                              /usr/local/gcc-arm-none-eabi/arm-none-eabi/lib/fpu//libm.a(lib_a-kf_rem_pio2.o) (floorf)
/usr/local/gcc-arm-none-eabi/arm-none-eabi/lib/fpu//libm.a(lib_a-sf_scalbn.o)
                              /usr/local/gcc-arm-none-eabi/arm-none-eabi/lib/fpu//libm.a(lib_a-kf_rem_pio2.o) (scalbnf)
/usr/local/gcc-arm-none-eabi/arm-none-eabi/lib/fpu//libm.a(lib_a-sf_copysign.o)
                              /usr/local/gcc-arm-none-eabi/arm-none-eabi/lib/fpu//libm.a(lib_a-sf_scalbn.o) (copysignf)

Allocating common symbols
Common symbol       size              file

DMABuffer           0x90              main.o
InputBuffer2        0x80              main.o
DataReady           0x4               main.o
Cplx                0x80              main.o
InputBuffer1        0x80              main.o

Memory Configuration

Name             Origin             Length             Attributes
flash            0x08000000         0x00010000
ram              0x20000000         0x00003000
ccmram           0x10000000         0x00001000
*default*        0x00000000         0xffffffff

Linker script and memory map

LOAD init.o
LOAD serial.o
LOAD spi.o
LOAD fft.o
LOAD main.o
LOAD /usr/local/gcc-arm-none-eabi/lib/gcc/arm-none-eabi/5.3.1/armv7-m/libgcc.a
LOAD /usr/local/gcc-arm-none-eabi/arm-none-eabi/lib/fpu//libm.a
                0x08000000                . = ORIGIN (flash)

.text           0x08000000     0x13fc
 *(.vectors)
 .vectors       0x08000000      0x188 init.o
                0x08000000                Vectors
 *(.text)
 .text          0x08000188       0xa8 init.o
                0x08000188                initFPU
                0x080001b0                init
                0x08000228                Default_Handler
 .text          0x08000230      0x6f0 serial.o
                0x08000230                ReadCom
                0x080002a0                WriteCom
                0x08000340                initUART
                0x080004cc                isr_usart2
                0x080004f8                usart_rx
                0x08000528                usart_tx
                0x080005ac                PutBuf
                0x0800060c                GetBuf
                0x0800065c                GetBufCount
                0x08000674                eputs
                0x080006b0                available
                0x080006c4                egets
                0x08000740                HexDigit
                0x0800076c                eputByte
                0x080007b4                eputShort
                0x08000828                eputLong
                0x080008f0                usart_tx_busy
 .text          0x08000920      0x15c spi.o
                0x08000920                initSPI
                0x08000a2c                writeSPI
 .text          0x08000a7c      0x3b8 fft.o
                0x08000a7c                init_trig
                0x08000b3c                fft
                0x08000b60                ifft
                0x08000b80                fast_complexToComplex
 .text          0x08000e34      0x5c8 main.o
                0x08000e34                main
                0x08000f3c                configPins
                0x08000f78                initClock
                0x08000fe8                delay
                0x08001008                writeDMABuffer
                0x08001150                getRainbow
                0x0800125c                latchWS2812B
                0x0800126c                initSysTick
                0x080012a0                SysTick
                0x08001328                initADC
                0x080013c8                readADC
 .text          0x080013fc        0x0 /usr/local/gcc-arm-none-eabi/arm-none-eabi/lib/fpu//libm.a(lib_a-sf_cos.o)
 .text          0x080013fc        0x0 /usr/local/gcc-arm-none-eabi/arm-none-eabi/lib/fpu//libm.a(lib_a-sf_sin.o)
 .text          0x080013fc        0x0 /usr/local/gcc-arm-none-eabi/arm-none-eabi/lib/fpu//libm.a(lib_a-ef_rem_pio2.o)
 .text          0x080013fc        0x0 /usr/local/gcc-arm-none-eabi/arm-none-eabi/lib/fpu//libm.a(lib_a-kf_cos.o)
 .text          0x080013fc        0x0 /usr/local/gcc-arm-none-eabi/arm-none-eabi/lib/fpu//libm.a(lib_a-kf_rem_pio2.o)
 .text          0x080013fc        0x0 /usr/local/gcc-arm-none-eabi/arm-none-eabi/lib/fpu//libm.a(lib_a-kf_sin.o)
 .text          0x080013fc        0x0 /usr/local/gcc-arm-none-eabi/arm-none-eabi/lib/fpu//libm.a(lib_a-sf_fabs.o)
 .text          0x080013fc        0x0 /usr/local/gcc-arm-none-eabi/arm-none-eabi/lib/fpu//libm.a(lib_a-sf_floor.o)
 .text          0x080013fc        0x0 /usr/local/gcc-arm-none-eabi/arm-none-eabi/lib/fpu//libm.a(lib_a-sf_scalbn.o)
 .text          0x080013fc        0x0 /usr/local/gcc-arm-none-eabi/arm-none-eabi/lib/fpu//libm.a(lib_a-sf_copysign.o)

.glue_7         0x080013fc        0x0
 .glue_7        0x080013fc        0x0 linker stubs

.glue_7t        0x080013fc        0x0
 .glue_7t       0x080013fc        0x0 linker stubs

.vfp11_veneer   0x080013fc        0x0
 .vfp11_veneer  0x080013fc        0x0 linker stubs

.v4_bx          0x080013fc        0x0
 .v4_bx         0x080013fc        0x0 linker stubs

.iplt           0x080013fc        0x0
 .iplt          0x080013fc        0x0 init.o

.text.cosf      0x080013fc       0xcc
 .text.cosf     0x080013fc       0xcc /usr/local/gcc-arm-none-eabi/arm-none-eabi/lib/fpu//libm.a(lib_a-sf_cos.o)
                0x080013fc                cosf

.text.sinf      0x080014c8       0xd4
 .text.sinf     0x080014c8       0xd4 /usr/local/gcc-arm-none-eabi/arm-none-eabi/lib/fpu//libm.a(lib_a-sf_sin.o)
                0x080014c8                sinf

.text.__ieee754_rem_pio2f
                0x0800159c      0x2e8
 .text.__ieee754_rem_pio2f
                0x0800159c      0x2e8 /usr/local/gcc-arm-none-eabi/arm-none-eabi/lib/fpu//libm.a(lib_a-ef_rem_pio2.o)
                0x0800159c                __ieee754_rem_pio2f

.text.__kernel_cosf
                0x08001884      0x124
 .text.__kernel_cosf
                0x08001884      0x124 /usr/local/gcc-arm-none-eabi/arm-none-eabi/lib/fpu//libm.a(lib_a-kf_cos.o)
                0x08001884                __kernel_cosf

.text.__kernel_rem_pio2f
                0x080019a8      0x82c
 .text.__kernel_rem_pio2f
                0x080019a8      0x82c /usr/local/gcc-arm-none-eabi/arm-none-eabi/lib/fpu//libm.a(lib_a-kf_rem_pio2.o)
                0x080019a8                __kernel_rem_pio2f

.text.__kernel_sinf
                0x080021d4       0xa0
 .text.__kernel_sinf
                0x080021d4       0xa0 /usr/local/gcc-arm-none-eabi/arm-none-eabi/lib/fpu//libm.a(lib_a-kf_sin.o)
                0x080021d4                __kernel_sinf

.text.fabsf     0x08002274       0x10
 .text.fabsf    0x08002274       0x10 /usr/local/gcc-arm-none-eabi/arm-none-eabi/lib/fpu//libm.a(lib_a-sf_fabs.o)
                0x08002274                fabsf

.text.floorf    0x08002284       0xb8
 .text.floorf   0x08002284       0xb8 /usr/local/gcc-arm-none-eabi/arm-none-eabi/lib/fpu//libm.a(lib_a-sf_floor.o)
                0x08002284                floorf

.text.scalbnf   0x0800233c      0x114
 .text.scalbnf  0x0800233c      0x114 /usr/local/gcc-arm-none-eabi/arm-none-eabi/lib/fpu//libm.a(lib_a-sf_scalbn.o)
                0x0800233c                scalbnf

.text.copysignf
                0x08002450       0x1c
 .text.copysignf
                0x08002450       0x1c /usr/local/gcc-arm-none-eabi/arm-none-eabi/lib/fpu//libm.a(lib_a-sf_copysign.o)
                0x08002450                copysignf

.rel.dyn        0x0800246c        0x0
 .rel.iplt      0x0800246c        0x0 init.o

.rodata         0x0800246c       0x1d
 .rodata        0x0800246c       0x1d main.o

.rodata.npio2_hw
                0x0800248c       0x80
 .rodata.npio2_hw
                0x0800248c       0x80 /usr/local/gcc-arm-none-eabi/arm-none-eabi/lib/fpu//libm.a(lib_a-ef_rem_pio2.o)

.rodata.two_over_pi
                0x0800250c      0x318
 .rodata.two_over_pi
                0x0800250c      0x318 /usr/local/gcc-arm-none-eabi/arm-none-eabi/lib/fpu//libm.a(lib_a-ef_rem_pio2.o)

.rodata.init_jk
                0x08002824        0xc
 .rodata.init_jk
                0x08002824        0xc /usr/local/gcc-arm-none-eabi/arm-none-eabi/lib/fpu//libm.a(lib_a-kf_rem_pio2.o)

.rodata.PIo2    0x08002830       0x2c
 .rodata.PIo2   0x08002830       0x2c /usr/local/gcc-arm-none-eabi/arm-none-eabi/lib/fpu//libm.a(lib_a-kf_rem_pio2.o)
                0x20000000                . = ORIGIN (ram)

.data           0x20000000        0x8 load address 0x0800285c
                0x0800285c                INIT_DATA_VALUES = LOADADDR (.data)
                0x20000000                INIT_DATA_START = .
 *(.data)
 .data          0x20000000        0x0 init.o
 .data          0x20000000        0x0 serial.o
 .data          0x20000000        0x0 spi.o
 .data          0x20000000        0x0 fft.o
 .data          0x20000000        0x8 main.o
                0x20000000                InputBuffer
 .data          0x20000008        0x0 /usr/local/gcc-arm-none-eabi/arm-none-eabi/lib/fpu//libm.a(lib_a-sf_cos.o)
 .data          0x20000008        0x0 /usr/local/gcc-arm-none-eabi/arm-none-eabi/lib/fpu//libm.a(lib_a-sf_sin.o)
 .data          0x20000008        0x0 /usr/local/gcc-arm-none-eabi/arm-none-eabi/lib/fpu//libm.a(lib_a-ef_rem_pio2.o)
 .data          0x20000008        0x0 /usr/local/gcc-arm-none-eabi/arm-none-eabi/lib/fpu//libm.a(lib_a-kf_cos.o)
 .data          0x20000008        0x0 /usr/local/gcc-arm-none-eabi/arm-none-eabi/lib/fpu//libm.a(lib_a-kf_rem_pio2.o)
 .data          0x20000008        0x0 /usr/local/gcc-arm-none-eabi/arm-none-eabi/lib/fpu//libm.a(lib_a-kf_sin.o)
 .data          0x20000008        0x0 /usr/local/gcc-arm-none-eabi/arm-none-eabi/lib/fpu//libm.a(lib_a-sf_fabs.o)
 .data          0x20000008        0x0 /usr/local/gcc-arm-none-eabi/arm-none-eabi/lib/fpu//libm.a(lib_a-sf_floor.o)
 .data          0x20000008        0x0 /usr/local/gcc-arm-none-eabi/arm-none-eabi/lib/fpu//libm.a(lib_a-sf_scalbn.o)
 .data          0x20000008        0x0 /usr/local/gcc-arm-none-eabi/arm-none-eabi/lib/fpu//libm.a(lib_a-sf_copysign.o)
                0x20000008                INIT_DATA_END = .
                0x20000008                BSS_START = .

.igot.plt       0x20000008        0x0 load address 0x08002864
 .igot.plt      0x20000008        0x0 init.o

.bss            0x20000008      0x3cc load address 0x08002864
 *(.bss)
 .bss           0x20000008        0x0 init.o
 .bss           0x20000008       0xa4 serial.o
 .bss           0x200000ac        0x0 spi.o
 .bss           0x200000ac      0x104 fft.o
 .bss           0x200001b0       0x10 main.o
                0x200001b0                SysTickCounter
 .bss           0x200001c0        0x0 /usr/local/gcc-arm-none-eabi/arm-none-eabi/lib/fpu//libm.a(lib_a-sf_cos.o)
 .bss           0x200001c0        0x0 /usr/local/gcc-arm-none-eabi/arm-none-eabi/lib/fpu//libm.a(lib_a-sf_sin.o)
 .bss           0x200001c0        0x0 /usr/local/gcc-arm-none-eabi/arm-none-eabi/lib/fpu//libm.a(lib_a-ef_rem_pio2.o)
 .bss           0x200001c0        0x0 /usr/local/gcc-arm-none-eabi/arm-none-eabi/lib/fpu//libm.a(lib_a-kf_cos.o)
 .bss           0x200001c0        0x0 /usr/local/gcc-arm-none-eabi/arm-none-eabi/lib/fpu//libm.a(lib_a-kf_rem_pio2.o)
 .bss           0x200001c0        0x0 /usr/local/gcc-arm-none-eabi/arm-none-eabi/lib/fpu//libm.a(lib_a-kf_sin.o)
 .bss           0x200001c0        0x0 /usr/local/gcc-arm-none-eabi/arm-none-eabi/lib/fpu//libm.a(lib_a-sf_fabs.o)
 .bss           0x200001c0        0x0 /usr/local/gcc-arm-none-eabi/arm-none-eabi/lib/fpu//libm.a(lib_a-sf_floor.o)
 .bss           0x200001c0        0x0 /usr/local/gcc-arm-none-eabi/arm-none-eabi/lib/fpu//libm.a(lib_a-sf_scalbn.o)
 .bss           0x200001c0        0x0 /usr/local/gcc-arm-none-eabi/arm-none-eabi/lib/fpu//libm.a(lib_a-sf_copysign.o)
 COMMON         0x200001c0      0x214 main.o
                0x200001c0                DMABuffer
                0x20000250                InputBuffer2
                0x200002d0                DataReady
                0x200002d4                Cplx
                0x20000354                InputBuffer1
                0x200003d4                BSS_END = .
OUTPUT(main.elf elf32-littlearm)

.debug_info     0x00000000      0xcaf
 .debug_info    0x00000000      0x150 init.o
 .debug_info    0x00000150      0x46d serial.o
 .debug_info    0x000005bd       0xf7 spi.o
 .debug_info    0x000006b4      0x2d6 fft.o
 .debug_info    0x0000098a      0x325 main.o

.debug_abbrev   0x00000000      0x54a
 .debug_abbrev  0x00000000       0xdf init.o
 .debug_abbrev  0x000000df      0x1ae serial.o
 .debug_abbrev  0x0000028d       0x7f spi.o
 .debug_abbrev  0x0000030c       0xe1 fft.o
 .debug_abbrev  0x000003ed      0x15d main.o

.debug_aranges  0x00000000       0xa0
 .debug_aranges
                0x00000000       0x20 init.o
 .debug_aranges
                0x00000020       0x20 serial.o
 .debug_aranges
                0x00000040       0x20 spi.o
 .debug_aranges
                0x00000060       0x20 fft.o
 .debug_aranges
                0x00000080       0x20 main.o

.debug_line     0x00000000      0x689
 .debug_line    0x00000000       0xf9 init.o
 .debug_line    0x000000f9      0x1c6 serial.o
 .debug_line    0x000002bf       0xf8 spi.o
 .debug_line    0x000003b7      0x11b fft.o
 .debug_line    0x000004d2      0x1b7 main.o

.debug_str      0x00000000      0x4a9
 .debug_str     0x00000000      0x1c2 init.o
                                0x1ff (size before relaxing)
 .debug_str     0x000001c2      0x139 serial.o
                                0x2e7 (size before relaxing)
 .debug_str     0x000002fb       0x2c spi.o
                                0x1d1 (size before relaxing)
 .debug_str     0x00000327       0x8c fft.o
                                0x217 (size before relaxing)
 .debug_str     0x000003b3       0xf6 main.o
                                0x2c5 (size before relaxing)

.comment        0x00000000       0x6e
 .comment       0x00000000       0x6e init.o
                                 0x6f (size before relaxing)
 .comment       0x0000006e       0x6f serial.o
 .comment       0x0000006e       0x6f spi.o
 .comment       0x0000006e       0x6f fft.o
 .comment       0x0000006e       0x6f main.o

.ARM.attributes
                0x00000000       0x39
 .ARM.attributes
                0x00000000       0x39 init.o
 .ARM.attributes
                0x00000039       0x39 serial.o
 .ARM.attributes
                0x00000072       0x39 spi.o
 .ARM.attributes
                0x000000ab       0x39 fft.o
 .ARM.attributes
                0x000000e4       0x39 main.o
 .ARM.attributes
                0x0000011d       0x34 /usr/local/gcc-arm-none-eabi/arm-none-eabi/lib/fpu//libm.a(lib_a-sf_cos.o)
 .ARM.attributes
                0x00000151       0x34 /usr/local/gcc-arm-none-eabi/arm-none-eabi/lib/fpu//libm.a(lib_a-sf_sin.o)
 .ARM.attributes
                0x00000185       0x34 /usr/local/gcc-arm-none-eabi/arm-none-eabi/lib/fpu//libm.a(lib_a-ef_rem_pio2.o)
 .ARM.attributes
                0x000001b9       0x34 /usr/local/gcc-arm-none-eabi/arm-none-eabi/lib/fpu//libm.a(lib_a-kf_cos.o)
 .ARM.attributes
                0x000001ed       0x34 /usr/local/gcc-arm-none-eabi/arm-none-eabi/lib/fpu//libm.a(lib_a-kf_rem_pio2.o)
 .ARM.attributes
                0x00000221       0x34 /usr/local/gcc-arm-none-eabi/arm-none-eabi/lib/fpu//libm.a(lib_a-kf_sin.o)
 .ARM.attributes
                0x00000255       0x34 /usr/local/gcc-arm-none-eabi/arm-none-eabi/lib/fpu//libm.a(lib_a-sf_fabs.o)
 .ARM.attributes
                0x00000289       0x34 /usr/local/gcc-arm-none-eabi/arm-none-eabi/lib/fpu//libm.a(lib_a-sf_floor.o)
 .ARM.attributes
                0x000002bd       0x34 /usr/local/gcc-arm-none-eabi/arm-none-eabi/lib/fpu//libm.a(lib_a-sf_scalbn.o)
 .ARM.attributes
                0x000002f1       0x34 /usr/local/gcc-arm-none-eabi/arm-none-eabi/lib/fpu//libm.a(lib_a-sf_copysign.o)

.debug_frame    0x00000000      0x76c
 .debug_frame   0x00000000       0x6c init.o
 .debug_frame   0x0000006c      0x26c serial.o
 .debug_frame   0x000002d8       0x58 spi.o
 .debug_frame   0x00000330       0xa4 fft.o
 .debug_frame   0x000003d4      0x178 main.o
 .debug_frame   0x0000054c       0x3c /usr/local/gcc-arm-none-eabi/arm-none-eabi/lib/fpu//libm.a(lib_a-sf_cos.o)
 .debug_frame   0x00000588       0x3c /usr/local/gcc-arm-none-eabi/arm-none-eabi/lib/fpu//libm.a(lib_a-sf_sin.o)
 .debug_frame   0x000005c4       0x4c /usr/local/gcc-arm-none-eabi/arm-none-eabi/lib/fpu//libm.a(lib_a-ef_rem_pio2.o)
 .debug_frame   0x00000610       0x20 /usr/local/gcc-arm-none-eabi/arm-none-eabi/lib/fpu//libm.a(lib_a-kf_cos.o)
 .debug_frame   0x00000630       0x7c /usr/local/gcc-arm-none-eabi/arm-none-eabi/lib/fpu//libm.a(lib_a-kf_rem_pio2.o)
 .debug_frame   0x000006ac       0x20 /usr/local/gcc-arm-none-eabi/arm-none-eabi/lib/fpu//libm.a(lib_a-kf_sin.o)
 .debug_frame   0x000006cc       0x20 /usr/local/gcc-arm-none-eabi/arm-none-eabi/lib/fpu//libm.a(lib_a-sf_fabs.o)
 .debug_frame   0x000006ec       0x20 /usr/local/gcc-arm-none-eabi/arm-none-eabi/lib/fpu//libm.a(lib_a-sf_floor.o)
 .debug_frame   0x0000070c       0x40 /usr/local/gcc-arm-none-eabi/arm-none-eabi/lib/fpu//libm.a(lib_a-sf_scalbn.o)
 .debug_frame   0x0000074c       0x20 /usr/local/gcc-arm-none-eabi/arm-none-eabi/lib/fpu//libm.a(lib_a-sf_copysign.o)

Cross Reference Table

Symbol                                            File
BSS_END                                           init.o
BSS_START                                         init.o
Cplx                                              main.o
DMABuffer                                         main.o
DataReady                                         main.o
Default_Handler                                   init.o
GetBuf                                            serial.o
GetBufCount                                       serial.o
HexDigit                                          serial.o
INIT_DATA_END                                     init.o
INIT_DATA_START                                   init.o
INIT_DATA_VALUES                                  init.o
InputBuffer                                       main.o
InputBuffer1                                      main.o
InputBuffer2                                      main.o
PutBuf                                            serial.o
ReadCom                                           serial.o
SysTick                                           main.o
                                                  init.o
SysTickCounter                                    main.o
Vectors                                           init.o
WriteCom                                          serial.o
__ieee754_rem_pio2f                               /usr/local/gcc-arm-none-eabi/arm-none-eabi/lib/fpu//libm.a(lib_a-ef_rem_pio2.o)
                                                  /usr/local/gcc-arm-none-eabi/arm-none-eabi/lib/fpu//libm.a(lib_a-sf_sin.o)
                                                  /usr/local/gcc-arm-none-eabi/arm-none-eabi/lib/fpu//libm.a(lib_a-sf_cos.o)
__kernel_cosf                                     /usr/local/gcc-arm-none-eabi/arm-none-eabi/lib/fpu//libm.a(lib_a-kf_cos.o)
                                                  /usr/local/gcc-arm-none-eabi/arm-none-eabi/lib/fpu//libm.a(lib_a-sf_sin.o)
                                                  /usr/local/gcc-arm-none-eabi/arm-none-eabi/lib/fpu//libm.a(lib_a-sf_cos.o)
__kernel_rem_pio2f                                /usr/local/gcc-arm-none-eabi/arm-none-eabi/lib/fpu//libm.a(lib_a-kf_rem_pio2.o)
                                                  /usr/local/gcc-arm-none-eabi/arm-none-eabi/lib/fpu//libm.a(lib_a-ef_rem_pio2.o)
__kernel_sinf                                     /usr/local/gcc-arm-none-eabi/arm-none-eabi/lib/fpu//libm.a(lib_a-kf_sin.o)
                                                  /usr/local/gcc-arm-none-eabi/arm-none-eabi/lib/fpu//libm.a(lib_a-sf_sin.o)
                                                  /usr/local/gcc-arm-none-eabi/arm-none-eabi/lib/fpu//libm.a(lib_a-sf_cos.o)
available                                         serial.o
configPins                                        main.o
copysignf                                         /usr/local/gcc-arm-none-eabi/arm-none-eabi/lib/fpu//libm.a(lib_a-sf_copysign.o)
                                                  /usr/local/gcc-arm-none-eabi/arm-none-eabi/lib/fpu//libm.a(lib_a-sf_scalbn.o)
cosf                                              /usr/local/gcc-arm-none-eabi/arm-none-eabi/lib/fpu//libm.a(lib_a-sf_cos.o)
                                                  main.o
                                                  fft.o
delay                                             main.o
egets                                             serial.o
eputByte                                          serial.o
eputLong                                          serial.o
eputShort                                         serial.o
eputs                                             serial.o
                                                  main.o
fabsf                                             /usr/local/gcc-arm-none-eabi/arm-none-eabi/lib/fpu//libm.a(lib_a-sf_fabs.o)
                                                  /usr/local/gcc-arm-none-eabi/arm-none-eabi/lib/fpu//libm.a(lib_a-ef_rem_pio2.o)
fast_complexToComplex                             fft.o
fft                                               fft.o
                                                  main.o
floorf                                            /usr/local/gcc-arm-none-eabi/arm-none-eabi/lib/fpu//libm.a(lib_a-sf_floor.o)
                                                  /usr/local/gcc-arm-none-eabi/arm-none-eabi/lib/fpu//libm.a(lib_a-kf_rem_pio2.o)
getRainbow                                        main.o
ifft                                              fft.o
init                                              init.o
initADC                                           main.o
initClock                                         main.o
initFPU                                           init.o
initSPI                                           spi.o
                                                  main.o
initSysTick                                       main.o
initUART                                          serial.o
                                                  main.o
init_trig                                         fft.o
isr_usart2                                        serial.o
                                                  init.o
latchWS2812B                                      main.o
main                                              main.o
                                                  init.o
readADC                                           main.o
scalbnf                                           /usr/local/gcc-arm-none-eabi/arm-none-eabi/lib/fpu//libm.a(lib_a-sf_scalbn.o)
                                                  /usr/local/gcc-arm-none-eabi/arm-none-eabi/lib/fpu//libm.a(lib_a-kf_rem_pio2.o)
sinf                                              /usr/local/gcc-arm-none-eabi/arm-none-eabi/lib/fpu//libm.a(lib_a-sf_sin.o)
                                                  fft.o
usart_rx                                          serial.o
usart_tx                                          serial.o
usart_tx_busy                                     serial.o
                                                  main.o
writeDMABuffer                                    main.o
writeSPI                                          spi.o
                                                  main.o
